Testing CSV file: C:\Users\veenu\Downloads\ongc24-25.csv
